
> gestion-immobiliere-monorepo@0.1.0 build
> npm run build -w packages/shared && npm run build -w apps/api && npm run build -w apps/web


> @gestion/shared@0.1.0 build
> tsc -p tsconfig.json


> api@0.1.0 build
> tsc -p tsconfig.build.json


> web@0.1.0 build
> next build

